(base) takashi@Keis-Air Desktop % git clone https://github.com/higashizono33/git_demo.git
Cloning into 'git_demo'...
remote: Enumerating objects: 3, done.
remote: Total 3 (delta 0), reused 0 (delta 0), pack-reused 3
Unpacking objects: 100% (3/3), done.
(base) takashi@Keis-Air Desktop % ls
Documents			git_demo
Downloads			higashizono
Terminus_completion.png		sample
basic_repo			test_git
command_pull_request.txt	test_terminal
commands_remote_repo.txt	test_terminal_introduction
(base) takashi@Keis-Air Desktop % cd git_demo
(base) takashi@Keis-Air git_demo % git checkout -b takashi-test
Switched to a new branch 'takashi-test'
(base) takashi@Keis-Air git_demo % git status
On branch takashi-test
Changes not staged for commit:
  (use "git add <file>..." to update what will be committed)
  (use "git restore <file>..." to discard changes in working directory)
	modified:   demo_index.html

no changes added to commit (use "git add" and/or "git commit -a")
(base) takashi@Keis-Air git_demo % git add . 
(base) takashi@Keis-Air git_demo % git status
On branch takashi-test
Changes to be committed:
  (use "git restore --staged <file>..." to unstage)
	modified:   demo_index.html

(base) takashi@Keis-Air git_demo % git commit -m "update demo_index.html"
[takashi-test fa7045e] update demo_index.html
 1 file changed, 3 insertions(+), 3 deletions(-)
(base) takashi@Keis-Air git_demo % git status
On branch takashi-test
nothing to commit, working tree clean
(base) takashi@Keis-Air git_demo % git push origin takashi-test
Enumerating objects: 5, done.
Counting objects: 100% (5/5), done.
Delta compression using up to 8 threads
Compressing objects: 100% (2/2), done.
Writing objects: 100% (3/3), 357 bytes | 357.00 KiB/s, done.
Total 3 (delta 1), reused 0 (delta 0)
remote: Resolving deltas: 100% (1/1), completed with 1 local object.
remote: 
remote: Create a pull request for 'takashi-test' on GitHub by visiting:
remote:      https://github.com/higashizono33/git_demo/pull/new/takashi-test
remote: 
To https://github.com/higashizono33/git_demo.git
 * [new branch]      takashi-test -> takashi-test
(base) takashi@Keis-Air git_demo % exit
Saving session...
...copying shared history...
...saving history...truncating history files...
...completed.

Script done, output file is command_pull_request.txt
(base) takashi@Keis-Air Desktop %                                
